2026-07-31 11:39:43 - Host: lentacheb.devmill.ru - UNCAUGHT_EXCEPTION - [Error] 
Class "AppContext" not found (0)
/var/www/lentacheb/data/www/lentacheb.devmill.ru/local/templates/main/include/pages/rewards/index.php:7
#0: require
	/var/www/lentacheb/data/www/lentacheb.devmill.ru/about/rewards/index.php:7
----------

2026-07-31 11:39:44 - Host: lentacheb.devmill.ru - UNCAUGHT_EXCEPTION - [Error] 
Class "AppContext" not found (0)
/var/www/lentacheb/data/www/lentacheb.devmill.ru/local/templates/main/include/pages/rewards/index.php:7
#0: require
	/var/www/lentacheb/data/www/lentacheb.devmill.ru/about/rewards/index.php:7
----------

2026-07-31 11:53:24 - Host: lentacheb.devmill.ru - UNCAUGHT_EXCEPTION - [Error] 
Class "IBlockSeeder" not found (0)
/var/www/lentacheb/data/www/lentacheb.devmill.ru/local/templates/main/include/pages/history/factory-directors/index.php:64
#0: require
	/var/www/lentacheb/data/www/lentacheb.devmill.ru/about/history/factory-directors/index.php:7
----------

2026-07-31 14:38:03 - Host: lentacheb.devmill.ru - UNCAUGHT_EXCEPTION - [Error] 
Class "PageSettings" not found (0)
/var/www/lentacheb/data/www/lentacheb.devmill.ru/local/templates/main/include/pages/career/index.php:189
#0: require
	/var/www/lentacheb/data/www/lentacheb.devmill.ru/career/index.php:7
----------

2026-07-31 14:38:05 - Host: lentacheb.devmill.ru - UNCAUGHT_EXCEPTION - [Error] 
Class "PageSettings" not found (0)
/var/www/lentacheb/data/www/lentacheb.devmill.ru/local/templates/main/include/pages/career/index.php:189
#0: require
	/var/www/lentacheb/data/www/lentacheb.devmill.ru/career/index.php:7
----------

2026-07-31 15:02:00 - Host: lentacheb.devmill.ru - UNCAUGHT_EXCEPTION - [Error] 
Class "aAppUtil" not found (0)
/var/www/lentacheb/data/www/lentacheb.devmill.ru/local/templates/main/components/bitrix/news.list/career_offer/result_modifier.php:16
#0: include
	/var/www/lentacheb/data/www/lentacheb.devmill.ru/bitrix/modules/main/classes/general/component_template.php:1019
#1: CBitrixComponentTemplate->__IncludeMutatorFile
	/var/www/lentacheb/data/www/lentacheb.devmill.ru/bitrix/modules/main/classes/general/component_template.php:914
#2: CBitrixComponentTemplate->IncludeTemplate
	/var/www/lentacheb/data/www/lentacheb.devmill.ru/bitrix/modules/main/classes/general/component.php:791
#3: CBitrixComponent->showComponentTemplate
	/var/www/lentacheb/data/www/lentacheb.devmill.ru/bitrix/modules/main/classes/general/component.php:731
#4: CBitrixComponent->includeComponentTemplate
	/var/www/lentacheb/data/www/lentacheb.devmill.ru/bitrix/components/bitrix/news.list/component.php:588
#5: include(string)
	/var/www/lentacheb/data/www/lentacheb.devmill.ru/bitrix/modules/main/classes/general/component.php:622
#6: CBitrixComponent->__includeComponent
	/var/www/lentacheb/data/www/lentacheb.devmill.ru/bitrix/modules/main/classes/general/component.php:699
#7: CBitrixComponent->includeComponent
	/var/www/lentacheb/data/www/lentacheb.devmill.ru/bitrix/modules/main/classes/general/main.php:1197
#8: CMain->IncludeComponent
	/var/www/lentacheb/data/www/lentacheb.devmill.ru/local/templates/main/include/pages/career/index.php:492
#9: require(string)
	/var/www/lentacheb/data/www/lentacheb.devmill.ru/career/index.php:7
----------

2026-07-31 15:02:01 - Host: lentacheb.devmill.ru - UNCAUGHT_EXCEPTION - [Error] 
Class "aAppUtil" not found (0)
/var/www/lentacheb/data/www/lentacheb.devmill.ru/local/templates/main/components/bitrix/news.list/career_offer/result_modifier.php:16
#0: include
	/var/www/lentacheb/data/www/lentacheb.devmill.ru/bitrix/modules/main/classes/general/component_template.php:1019
#1: CBitrixComponentTemplate->__IncludeMutatorFile
	/var/www/lentacheb/data/www/lentacheb.devmill.ru/bitrix/modules/main/classes/general/component_template.php:914
#2: CBitrixComponentTemplate->IncludeTemplate
	/var/www/lentacheb/data/www/lentacheb.devmill.ru/bitrix/modules/main/classes/general/component.php:791
#3: CBitrixComponent->showComponentTemplate
	/var/www/lentacheb/data/www/lentacheb.devmill.ru/bitrix/modules/main/classes/general/component.php:731
#4: CBitrixComponent->includeComponentTemplate
	/var/www/lentacheb/data/www/lentacheb.devmill.ru/bitrix/components/bitrix/news.list/component.php:588
#5: include(string)
	/var/www/lentacheb/data/www/lentacheb.devmill.ru/bitrix/modules/main/classes/general/component.php:622
#6: CBitrixComponent->__includeComponent
	/var/www/lentacheb/data/www/lentacheb.devmill.ru/bitrix/modules/main/classes/general/component.php:699
#7: CBitrixComponent->includeComponent
	/var/www/lentacheb/data/www/lentacheb.devmill.ru/bitrix/modules/main/classes/general/main.php:1197
#8: CMain->IncludeComponent
	/var/www/lentacheb/data/www/lentacheb.devmill.ru/local/templates/main/include/pages/career/index.php:492
#9: require(string)
	/var/www/lentacheb/data/www/lentacheb.devmill.ru/career/index.php:7
----------

2026-07-31 15:45:39 - Host: lentacheb.devmill.ru - UNCAUGHT_EXCEPTION - [Error] 
Call to undefined method CloudMill\App\Helpers\LayerManager::banner() (0)
/var/www/lentacheb/data/www/lentacheb.devmill.ru/local/templates/main/include/pages/career/index.php:22
#0: require
	/var/www/lentacheb/data/www/lentacheb.devmill.ru/career/index.php:7
----------

2026-07-31 15:45:39 - Host: lentacheb.devmill.ru - UNCAUGHT_EXCEPTION - [Error] 
Call to undefined method CloudMill\App\Helpers\LayerManager::banner() (0)
/var/www/lentacheb/data/www/lentacheb.devmill.ru/local/templates/main/include/pages/career/index.php:22
#0: require
	/var/www/lentacheb/data/www/lentacheb.devmill.ru/career/index.php:7
----------

2026-07-31 15:45:41 - Host: lentacheb.devmill.ru - UNCAUGHT_EXCEPTION - [Error] 
Call to undefined method CloudMill\App\Helpers\LayerManager::banner() (0)
/var/www/lentacheb/data/www/lentacheb.devmill.ru/local/templates/main/include/pages/career/index.php:22
#0: require
	/var/www/lentacheb/data/www/lentacheb.devmill.ru/career/index.php:7
----------

2026-07-31 15:45:48 - Host: lentacheb.devmill.ru - UNCAUGHT_EXCEPTION - [Error] 
Call to undefined method CloudMill\App\Helpers\LayerManager::banner() (0)
/var/www/lentacheb/data/www/lentacheb.devmill.ru/local/templates/main/include/pages/career/index.php:22
#0: require
	/var/www/lentacheb/data/www/lentacheb.devmill.ru/career/index.php:7
----------

2026-07-31 15:46:49 - Host: lentacheb.devmill.ru - UNCAUGHT_EXCEPTION - [Error] 
Call to undefined method CloudMill\App\Helpers\LayerManager::banner() (0)
/var/www/lentacheb/data/www/lentacheb.devmill.ru/local/templates/main/include/pages/career/index.php:22
#0: require
	/var/www/lentacheb/data/www/lentacheb.devmill.ru/career/index.php:7
----------

2026-07-31 15:47:38 - Host: lentacheb.devmill.ru - UNCAUGHT_EXCEPTION - [Error] 
Call to undefined method CloudMill\App\Helpers\LayerManager::banner() (0)
/var/www/lentacheb/data/www/lentacheb.devmill.ru/local/templates/main/include/pages/career/index.php:22
#0: require
	/var/www/lentacheb/data/www/lentacheb.devmill.ru/career/index.php:7
----------

2026-07-31 15:47:39 - Host: lentacheb.devmill.ru - UNCAUGHT_EXCEPTION - [Error] 
Call to undefined method CloudMill\App\Helpers\LayerManager::banner() (0)
/var/www/lentacheb/data/www/lentacheb.devmill.ru/local/templates/main/include/pages/career/index.php:22
#0: require
	/var/www/lentacheb/data/www/lentacheb.devmill.ru/career/index.php:7
----------

2026-07-31 15:47:39 - Host: lentacheb.devmill.ru - UNCAUGHT_EXCEPTION - [Error] 
Call to undefined method CloudMill\App\Helpers\LayerManager::banner() (0)
/var/www/lentacheb/data/www/lentacheb.devmill.ru/local/templates/main/include/pages/career/index.php:22
#0: require
	/var/www/lentacheb/data/www/lentacheb.devmill.ru/career/index.php:7
----------

2026-07-31 15:48:14 - Host: lentacheb.devmill.ru - UNCAUGHT_EXCEPTION - [Error] 
Call to undefined method CloudMill\App\Helpers\LayerManager::banner() (0)
/var/www/lentacheb/data/www/lentacheb.devmill.ru/local/templates/main/include/pages/career/index.php:22
#0: require
	/var/www/lentacheb/data/www/lentacheb.devmill.ru/career/index.php:7
----------

2026-07-31 15:48:15 - Host: lentacheb.devmill.ru - UNCAUGHT_EXCEPTION - [Error] 
Call to undefined method CloudMill\App\Helpers\LayerManager::banner() (0)
/var/www/lentacheb/data/www/lentacheb.devmill.ru/local/templates/main/include/pages/career/index.php:22
#0: require
	/var/www/lentacheb/data/www/lentacheb.devmill.ru/career/index.php:7
----------

2026-07-31 15:48:16 - Host: lentacheb.devmill.ru - UNCAUGHT_EXCEPTION - [Error] 
Call to undefined method CloudMill\App\Helpers\LayerManager::banner() (0)
/var/www/lentacheb/data/www/lentacheb.devmill.ru/local/templates/main/include/pages/career/index.php:22
#0: require
	/var/www/lentacheb/data/www/lentacheb.devmill.ru/career/index.php:7
----------

2026-07-31 15:48:16 - Host: lentacheb.devmill.ru - UNCAUGHT_EXCEPTION - [Error] 
Call to undefined method CloudMill\App\Helpers\LayerManager::banner() (0)
/var/www/lentacheb/data/www/lentacheb.devmill.ru/local/templates/main/include/pages/career/index.php:22
#0: require
	/var/www/lentacheb/data/www/lentacheb.devmill.ru/career/index.php:7
----------

2026-07-31 15:48:16 - Host: lentacheb.devmill.ru - UNCAUGHT_EXCEPTION - [Error] 
Call to undefined method CloudMill\App\Helpers\LayerManager::banner() (0)
/var/www/lentacheb/data/www/lentacheb.devmill.ru/local/templates/main/include/pages/career/index.php:22
#0: require
	/var/www/lentacheb/data/www/lentacheb.devmill.ru/career/index.php:7
----------

2026-07-31 15:48:16 - Host: lentacheb.devmill.ru - UNCAUGHT_EXCEPTION - [Error] 
Call to undefined method CloudMill\App\Helpers\LayerManager::banner() (0)
/var/www/lentacheb/data/www/lentacheb.devmill.ru/local/templates/main/include/pages/career/index.php:22
#0: require
	/var/www/lentacheb/data/www/lentacheb.devmill.ru/career/index.php:7
----------

2026-07-31 15:48:16 - Host: lentacheb.devmill.ru - UNCAUGHT_EXCEPTION - [Error] 
Call to undefined method CloudMill\App\Helpers\LayerManager::banner() (0)
/var/www/lentacheb/data/www/lentacheb.devmill.ru/local/templates/main/include/pages/career/index.php:22
#0: require
	/var/www/lentacheb/data/www/lentacheb.devmill.ru/career/index.php:7
----------

2026-07-31 15:48:16 - Host: lentacheb.devmill.ru - UNCAUGHT_EXCEPTION - [Error] 
Call to undefined method CloudMill\App\Helpers\LayerManager::banner() (0)
/var/www/lentacheb/data/www/lentacheb.devmill.ru/local/templates/main/include/pages/career/index.php:22
#0: require
	/var/www/lentacheb/data/www/lentacheb.devmill.ru/career/index.php:7
----------

