2026-07-29 12:44:56 - Host: lentacheb.devmill.ru - UNCAUGHT_EXCEPTION - [Error] 
Class "Bitrix\Highloadblock\HighloadBlockTable" not found (0)
/var/www/lentacheb/data/www/lentacheb.devmill.ru/test.php:19
----------

2026-07-29 13:20:22 - Host: lentacheb.devmill.ru - UNCAUGHT_EXCEPTION - [Error] 
Undefined constant "Date" (0)
/var/www/lentacheb/data/www/lentacheb.devmill.ru/local/templates/main/include/template/assets.php:47
#0: require
	/var/www/lentacheb/data/www/lentacheb.devmill.ru/local/templates/main/header.php:9
#1: include_once(string)
	/var/www/lentacheb/data/www/lentacheb.devmill.ru/bitrix/modules/main/include/prolog_after.php:88
#2: require(string)
	/var/www/lentacheb/data/www/lentacheb.devmill.ru/bitrix/modules/main/include/prolog.php:11
#3: require_once(string)
	/var/www/lentacheb/data/www/lentacheb.devmill.ru/bitrix/header.php:2
#4: require(string)
	/var/www/lentacheb/data/www/lentacheb.devmill.ru/contacts/index.php:2
----------

2026-07-29 15:00:37 - Host: lentacheb.devmill.ru - UNCAUGHT_EXCEPTION - [Error] 
Class "IBlockHelper" not found (0)
/var/www/lentacheb/data/www/lentacheb.devmill.ru/local/templates/main/include/pages/contacts/index.php:279
#0: require
	/var/www/lentacheb/data/www/lentacheb.devmill.ru/contacts/index.php:7
----------

2026-07-29 15:01:26 - Host: lentacheb.devmill.ru - UNCAUGHT_EXCEPTION - [Error] 
Undefined constant "EMAIL" (0)
/var/www/lentacheb/data/www/lentacheb.devmill.ru/local/templates/main/components/bitrix/news.list/team_director/template.php:73
#0: include
	/var/www/lentacheb/data/www/lentacheb.devmill.ru/bitrix/modules/main/classes/general/component_template.php:842
#1: CBitrixComponentTemplate->__IncludePHPTemplate
	/var/www/lentacheb/data/www/lentacheb.devmill.ru/bitrix/modules/main/classes/general/component_template.php:951
#2: CBitrixComponentTemplate->IncludeTemplate
	/var/www/lentacheb/data/www/lentacheb.devmill.ru/bitrix/modules/main/classes/general/component.php:791
#3: CBitrixComponent->showComponentTemplate
	/var/www/lentacheb/data/www/lentacheb.devmill.ru/bitrix/modules/main/classes/general/component.php:731
#4: CBitrixComponent->includeComponentTemplate
	/var/www/lentacheb/data/www/lentacheb.devmill.ru/bitrix/components/bitrix/news.list/component.php:588
#5: include(string)
	/var/www/lentacheb/data/www/lentacheb.devmill.ru/bitrix/modules/main/classes/general/component.php:622
#6: CBitrixComponent->__includeComponent
	/var/www/lentacheb/data/www/lentacheb.devmill.ru/bitrix/modules/main/classes/general/component.php:699
#7: CBitrixComponent->includeComponent
	/var/www/lentacheb/data/www/lentacheb.devmill.ru/bitrix/modules/main/classes/general/main.php:1197
#8: CMain->IncludeComponent
	/var/www/lentacheb/data/www/lentacheb.devmill.ru/local/templates/main/include/pages/contacts/index.php:279
#9: require(string)
	/var/www/lentacheb/data/www/lentacheb.devmill.ru/contacts/index.php:7
----------

2026-07-29 15:01:48 - Host: lentacheb.devmill.ru - UNCAUGHT_EXCEPTION - [Error] 
Undefined constant "EMAIL" (0)
/var/www/lentacheb/data/www/lentacheb.devmill.ru/local/templates/main/components/bitrix/news.list/team_director/template.php:41
#0: include
	/var/www/lentacheb/data/www/lentacheb.devmill.ru/bitrix/modules/main/classes/general/component_template.php:842
#1: CBitrixComponentTemplate->__IncludePHPTemplate
	/var/www/lentacheb/data/www/lentacheb.devmill.ru/bitrix/modules/main/classes/general/component_template.php:951
#2: CBitrixComponentTemplate->IncludeTemplate
	/var/www/lentacheb/data/www/lentacheb.devmill.ru/bitrix/modules/main/classes/general/component.php:791
#3: CBitrixComponent->showComponentTemplate
	/var/www/lentacheb/data/www/lentacheb.devmill.ru/bitrix/modules/main/classes/general/component.php:731
#4: CBitrixComponent->includeComponentTemplate
	/var/www/lentacheb/data/www/lentacheb.devmill.ru/bitrix/components/bitrix/news.list/component.php:588
#5: include(string)
	/var/www/lentacheb/data/www/lentacheb.devmill.ru/bitrix/modules/main/classes/general/component.php:622
#6: CBitrixComponent->__includeComponent
	/var/www/lentacheb/data/www/lentacheb.devmill.ru/bitrix/modules/main/classes/general/component.php:699
#7: CBitrixComponent->includeComponent
	/var/www/lentacheb/data/www/lentacheb.devmill.ru/bitrix/modules/main/classes/general/main.php:1197
#8: CMain->IncludeComponent
	/var/www/lentacheb/data/www/lentacheb.devmill.ru/local/templates/main/include/pages/contacts/index.php:279
#9: require(string)
	/var/www/lentacheb/data/www/lentacheb.devmill.ru/contacts/index.php:7
----------

2026-07-29 15:02:17 - Host: lentacheb.devmill.ru - UNCAUGHT_EXCEPTION - [Error] 
Undefined constant "EMAIL" (0)
/var/www/lentacheb/data/www/lentacheb.devmill.ru/local/templates/main/components/bitrix/news.list/team_director/template.php:40
#0: include
	/var/www/lentacheb/data/www/lentacheb.devmill.ru/bitrix/modules/main/classes/general/component_template.php:842
#1: CBitrixComponentTemplate->__IncludePHPTemplate
	/var/www/lentacheb/data/www/lentacheb.devmill.ru/bitrix/modules/main/classes/general/component_template.php:951
#2: CBitrixComponentTemplate->IncludeTemplate
	/var/www/lentacheb/data/www/lentacheb.devmill.ru/bitrix/modules/main/classes/general/component.php:791
#3: CBitrixComponent->showComponentTemplate
	/var/www/lentacheb/data/www/lentacheb.devmill.ru/bitrix/modules/main/classes/general/component.php:731
#4: CBitrixComponent->includeComponentTemplate
	/var/www/lentacheb/data/www/lentacheb.devmill.ru/bitrix/components/bitrix/news.list/component.php:588
#5: include(string)
	/var/www/lentacheb/data/www/lentacheb.devmill.ru/bitrix/modules/main/classes/general/component.php:622
#6: CBitrixComponent->__includeComponent
	/var/www/lentacheb/data/www/lentacheb.devmill.ru/bitrix/modules/main/classes/general/component.php:699
#7: CBitrixComponent->includeComponent
	/var/www/lentacheb/data/www/lentacheb.devmill.ru/bitrix/modules/main/classes/general/main.php:1197
#8: CMain->IncludeComponent
	/var/www/lentacheb/data/www/lentacheb.devmill.ru/local/templates/main/include/pages/contacts/index.php:279
#9: require(string)
	/var/www/lentacheb/data/www/lentacheb.devmill.ru/contacts/index.php:7
----------

2026-07-29 15:36:25 - Host: lentacheb.devmill.ru - UNCAUGHT_EXCEPTION - [Error] 
Class "LayerManager" not found (0)
/var/www/lentacheb/data/www/lentacheb.devmill.ru/local/templates/main/include/pages/contacts/index.php:40
#0: require
	/var/www/lentacheb/data/www/lentacheb.devmill.ru/contacts/index.php:7
----------

2026-07-29 16:01:45 - Host: lentacheb.devmill.ru - UNCAUGHT_EXCEPTION - [Error] 
Failed opening required '/var/www/lentacheb/data/www/lentacheb.devmill.ru/local/components/dtkm/simple.form/class.php' (include_path='.:/usr/share/php') (0)
/var/www/lentacheb/data/www/lentacheb.devmill.ru/local/components/dtkm/simple.form/component.php:7
#0: include
	/var/www/lentacheb/data/www/lentacheb.devmill.ru/bitrix/modules/main/classes/general/component.php:622
#1: CBitrixComponent->__includeComponent
	/var/www/lentacheb/data/www/lentacheb.devmill.ru/bitrix/modules/main/classes/general/component.php:699
#2: CBitrixComponent->includeComponent
	/var/www/lentacheb/data/www/lentacheb.devmill.ru/bitrix/modules/main/classes/general/main.php:1197
#3: CMain->IncludeComponent
	/var/www/lentacheb/data/www/lentacheb.devmill.ru/local/templates/main/include/pages/contacts/index.php:410
#4: require(string)
	/var/www/lentacheb/data/www/lentacheb.devmill.ru/contacts/index.php:7
----------

2026-07-29 16:05:16 - Host: lentacheb.devmill.ru - UNKNOWN - [Bitrix\Main\SystemException] 
Could not find ajax class /local/components/dtkm/simple.form (2210208)
/var/www/lentacheb/data/www/lentacheb.devmill.ru/bitrix/modules/main/lib/Engine/Router.php:257
#0: Bitrix\Main\Engine\Router->includeComponentAjaxClass
	/var/www/lentacheb/data/www/lentacheb.devmill.ru/bitrix/modules/main/lib/Engine/Router.php:197
#1: Bitrix\Main\Engine\Router->getComponentControllerAndAction
	/var/www/lentacheb/data/www/lentacheb.devmill.ru/bitrix/modules/main/lib/Engine/Router.php:163
#2: Bitrix\Main\Engine\Router->getControllerAndAction
	/var/www/lentacheb/data/www/lentacheb.devmill.ru/bitrix/modules/main/lib/HttpApplication.php:103
#3: Bitrix\Main\HttpApplication->run
	/var/www/lentacheb/data/www/lentacheb.devmill.ru/bitrix/modules/main/services/ajax.php:42
#4: require(string)
	/var/www/lentacheb/data/www/lentacheb.devmill.ru/bitrix/services/main/ajax.php:2
----------

2026-07-29 16:05:16 - Host: lentacheb.devmill.ru - UNKNOWN - [Bitrix\Main\SystemException] 
Could not find ajax class /local/components/dtkm/simple.form (2210208)
/var/www/lentacheb/data/www/lentacheb.devmill.ru/bitrix/modules/main/lib/Engine/Router.php:257
#0: Bitrix\Main\Engine\Router->includeComponentAjaxClass
	/var/www/lentacheb/data/www/lentacheb.devmill.ru/bitrix/modules/main/lib/Engine/Router.php:197
#1: Bitrix\Main\Engine\Router->getComponentControllerAndAction
	/var/www/lentacheb/data/www/lentacheb.devmill.ru/bitrix/modules/main/lib/Engine/Router.php:163
#2: Bitrix\Main\Engine\Router->getControllerAndAction
	/var/www/lentacheb/data/www/lentacheb.devmill.ru/bitrix/modules/main/lib/HttpApplication.php:103
#3: Bitrix\Main\HttpApplication->run
	/var/www/lentacheb/data/www/lentacheb.devmill.ru/bitrix/modules/main/services/ajax.php:42
#4: require(string)
	/var/www/lentacheb/data/www/lentacheb.devmill.ru/bitrix/services/main/ajax.php:2
----------

2026-07-29 16:05:16 - Host: lentacheb.devmill.ru - UNKNOWN - [Bitrix\Main\SystemException] 
Could not find ajax class /local/components/dtkm/simple.form (2210208)
/var/www/lentacheb/data/www/lentacheb.devmill.ru/bitrix/modules/main/lib/Engine/Router.php:257
#0: Bitrix\Main\Engine\Router->includeComponentAjaxClass
	/var/www/lentacheb/data/www/lentacheb.devmill.ru/bitrix/modules/main/lib/Engine/Router.php:197
#1: Bitrix\Main\Engine\Router->getComponentControllerAndAction
	/var/www/lentacheb/data/www/lentacheb.devmill.ru/bitrix/modules/main/lib/Engine/Router.php:163
#2: Bitrix\Main\Engine\Router->getControllerAndAction
	/var/www/lentacheb/data/www/lentacheb.devmill.ru/bitrix/modules/main/lib/HttpApplication.php:103
#3: Bitrix\Main\HttpApplication->run
	/var/www/lentacheb/data/www/lentacheb.devmill.ru/bitrix/modules/main/services/ajax.php:42
#4: require(string)
	/var/www/lentacheb/data/www/lentacheb.devmill.ru/bitrix/services/main/ajax.php:2
----------

2026-07-29 16:05:17 - Host: lentacheb.devmill.ru - UNKNOWN - [Bitrix\Main\SystemException] 
Could not find ajax class /local/components/dtkm/simple.form (2210208)
/var/www/lentacheb/data/www/lentacheb.devmill.ru/bitrix/modules/main/lib/Engine/Router.php:257
#0: Bitrix\Main\Engine\Router->includeComponentAjaxClass
	/var/www/lentacheb/data/www/lentacheb.devmill.ru/bitrix/modules/main/lib/Engine/Router.php:197
#1: Bitrix\Main\Engine\Router->getComponentControllerAndAction
	/var/www/lentacheb/data/www/lentacheb.devmill.ru/bitrix/modules/main/lib/Engine/Router.php:163
#2: Bitrix\Main\Engine\Router->getControllerAndAction
	/var/www/lentacheb/data/www/lentacheb.devmill.ru/bitrix/modules/main/lib/HttpApplication.php:103
#3: Bitrix\Main\HttpApplication->run
	/var/www/lentacheb/data/www/lentacheb.devmill.ru/bitrix/modules/main/services/ajax.php:42
#4: require(string)
	/var/www/lentacheb/data/www/lentacheb.devmill.ru/bitrix/services/main/ajax.php:2
----------

2026-07-29 16:05:17 - Host: lentacheb.devmill.ru - UNKNOWN - [Bitrix\Main\SystemException] 
Could not find ajax class /local/components/dtkm/simple.form (2210208)
/var/www/lentacheb/data/www/lentacheb.devmill.ru/bitrix/modules/main/lib/Engine/Router.php:257
#0: Bitrix\Main\Engine\Router->includeComponentAjaxClass
	/var/www/lentacheb/data/www/lentacheb.devmill.ru/bitrix/modules/main/lib/Engine/Router.php:197
#1: Bitrix\Main\Engine\Router->getComponentControllerAndAction
	/var/www/lentacheb/data/www/lentacheb.devmill.ru/bitrix/modules/main/lib/Engine/Router.php:163
#2: Bitrix\Main\Engine\Router->getControllerAndAction
	/var/www/lentacheb/data/www/lentacheb.devmill.ru/bitrix/modules/main/lib/HttpApplication.php:103
#3: Bitrix\Main\HttpApplication->run
	/var/www/lentacheb/data/www/lentacheb.devmill.ru/bitrix/modules/main/services/ajax.php:42
#4: require(string)
	/var/www/lentacheb/data/www/lentacheb.devmill.ru/bitrix/services/main/ajax.php:2
----------

2026-07-29 16:05:17 - Host: lentacheb.devmill.ru - UNKNOWN - [Bitrix\Main\SystemException] 
Could not find ajax class /local/components/dtkm/simple.form (2210208)
/var/www/lentacheb/data/www/lentacheb.devmill.ru/bitrix/modules/main/lib/Engine/Router.php:257
#0: Bitrix\Main\Engine\Router->includeComponentAjaxClass
	/var/www/lentacheb/data/www/lentacheb.devmill.ru/bitrix/modules/main/lib/Engine/Router.php:197
#1: Bitrix\Main\Engine\Router->getComponentControllerAndAction
	/var/www/lentacheb/data/www/lentacheb.devmill.ru/bitrix/modules/main/lib/Engine/Router.php:163
#2: Bitrix\Main\Engine\Router->getControllerAndAction
	/var/www/lentacheb/data/www/lentacheb.devmill.ru/bitrix/modules/main/lib/HttpApplication.php:103
#3: Bitrix\Main\HttpApplication->run
	/var/www/lentacheb/data/www/lentacheb.devmill.ru/bitrix/modules/main/services/ajax.php:42
#4: require(string)
	/var/www/lentacheb/data/www/lentacheb.devmill.ru/bitrix/services/main/ajax.php:2
----------

2026-07-29 16:05:17 - Host: lentacheb.devmill.ru - UNKNOWN - [Bitrix\Main\SystemException] 
Could not find ajax class /local/components/dtkm/simple.form (2210208)
/var/www/lentacheb/data/www/lentacheb.devmill.ru/bitrix/modules/main/lib/Engine/Router.php:257
#0: Bitrix\Main\Engine\Router->includeComponentAjaxClass
	/var/www/lentacheb/data/www/lentacheb.devmill.ru/bitrix/modules/main/lib/Engine/Router.php:197
#1: Bitrix\Main\Engine\Router->getComponentControllerAndAction
	/var/www/lentacheb/data/www/lentacheb.devmill.ru/bitrix/modules/main/lib/Engine/Router.php:163
#2: Bitrix\Main\Engine\Router->getControllerAndAction
	/var/www/lentacheb/data/www/lentacheb.devmill.ru/bitrix/modules/main/lib/HttpApplication.php:103
#3: Bitrix\Main\HttpApplication->run
	/var/www/lentacheb/data/www/lentacheb.devmill.ru/bitrix/modules/main/services/ajax.php:42
#4: require(string)
	/var/www/lentacheb/data/www/lentacheb.devmill.ru/bitrix/services/main/ajax.php:2
----------

2026-07-29 16:05:18 - Host: lentacheb.devmill.ru - UNKNOWN - [Bitrix\Main\SystemException] 
Could not find ajax class /local/components/dtkm/simple.form (2210208)
/var/www/lentacheb/data/www/lentacheb.devmill.ru/bitrix/modules/main/lib/Engine/Router.php:257
#0: Bitrix\Main\Engine\Router->includeComponentAjaxClass
	/var/www/lentacheb/data/www/lentacheb.devmill.ru/bitrix/modules/main/lib/Engine/Router.php:197
#1: Bitrix\Main\Engine\Router->getComponentControllerAndAction
	/var/www/lentacheb/data/www/lentacheb.devmill.ru/bitrix/modules/main/lib/Engine/Router.php:163
#2: Bitrix\Main\Engine\Router->getControllerAndAction
	/var/www/lentacheb/data/www/lentacheb.devmill.ru/bitrix/modules/main/lib/HttpApplication.php:103
#3: Bitrix\Main\HttpApplication->run
	/var/www/lentacheb/data/www/lentacheb.devmill.ru/bitrix/modules/main/services/ajax.php:42
#4: require(string)
	/var/www/lentacheb/data/www/lentacheb.devmill.ru/bitrix/services/main/ajax.php:2
----------

2026-07-29 16:05:18 - Host: lentacheb.devmill.ru - UNKNOWN - [Bitrix\Main\SystemException] 
Could not find ajax class /local/components/dtkm/simple.form (2210208)
/var/www/lentacheb/data/www/lentacheb.devmill.ru/bitrix/modules/main/lib/Engine/Router.php:257
#0: Bitrix\Main\Engine\Router->includeComponentAjaxClass
	/var/www/lentacheb/data/www/lentacheb.devmill.ru/bitrix/modules/main/lib/Engine/Router.php:197
#1: Bitrix\Main\Engine\Router->getComponentControllerAndAction
	/var/www/lentacheb/data/www/lentacheb.devmill.ru/bitrix/modules/main/lib/Engine/Router.php:163
#2: Bitrix\Main\Engine\Router->getControllerAndAction
	/var/www/lentacheb/data/www/lentacheb.devmill.ru/bitrix/modules/main/lib/HttpApplication.php:103
#3: Bitrix\Main\HttpApplication->run
	/var/www/lentacheb/data/www/lentacheb.devmill.ru/bitrix/modules/main/services/ajax.php:42
#4: require(string)
	/var/www/lentacheb/data/www/lentacheb.devmill.ru/bitrix/services/main/ajax.php:2
----------

2026-07-29 16:05:18 - Host: lentacheb.devmill.ru - UNKNOWN - [Bitrix\Main\SystemException] 
Could not find ajax class /local/components/dtkm/simple.form (2210208)
/var/www/lentacheb/data/www/lentacheb.devmill.ru/bitrix/modules/main/lib/Engine/Router.php:257
#0: Bitrix\Main\Engine\Router->includeComponentAjaxClass
	/var/www/lentacheb/data/www/lentacheb.devmill.ru/bitrix/modules/main/lib/Engine/Router.php:197
#1: Bitrix\Main\Engine\Router->getComponentControllerAndAction
	/var/www/lentacheb/data/www/lentacheb.devmill.ru/bitrix/modules/main/lib/Engine/Router.php:163
#2: Bitrix\Main\Engine\Router->getControllerAndAction
	/var/www/lentacheb/data/www/lentacheb.devmill.ru/bitrix/modules/main/lib/HttpApplication.php:103
#3: Bitrix\Main\HttpApplication->run
	/var/www/lentacheb/data/www/lentacheb.devmill.ru/bitrix/modules/main/services/ajax.php:42
#4: require(string)
	/var/www/lentacheb/data/www/lentacheb.devmill.ru/bitrix/services/main/ajax.php:2
----------

2026-07-29 16:05:20 - Host: lentacheb.devmill.ru - UNKNOWN - [Bitrix\Main\SystemException] 
Could not find ajax class /local/components/dtkm/simple.form (2210208)
/var/www/lentacheb/data/www/lentacheb.devmill.ru/bitrix/modules/main/lib/Engine/Router.php:257
#0: Bitrix\Main\Engine\Router->includeComponentAjaxClass
	/var/www/lentacheb/data/www/lentacheb.devmill.ru/bitrix/modules/main/lib/Engine/Router.php:197
#1: Bitrix\Main\Engine\Router->getComponentControllerAndAction
	/var/www/lentacheb/data/www/lentacheb.devmill.ru/bitrix/modules/main/lib/Engine/Router.php:163
#2: Bitrix\Main\Engine\Router->getControllerAndAction
	/var/www/lentacheb/data/www/lentacheb.devmill.ru/bitrix/modules/main/lib/HttpApplication.php:103
#3: Bitrix\Main\HttpApplication->run
	/var/www/lentacheb/data/www/lentacheb.devmill.ru/bitrix/modules/main/services/ajax.php:42
#4: require(string)
	/var/www/lentacheb/data/www/lentacheb.devmill.ru/bitrix/services/main/ajax.php:2
----------

2026-07-29 16:05:20 - Host: lentacheb.devmill.ru - UNKNOWN - [Bitrix\Main\SystemException] 
Could not find ajax class /local/components/dtkm/simple.form (2210208)
/var/www/lentacheb/data/www/lentacheb.devmill.ru/bitrix/modules/main/lib/Engine/Router.php:257
#0: Bitrix\Main\Engine\Router->includeComponentAjaxClass
	/var/www/lentacheb/data/www/lentacheb.devmill.ru/bitrix/modules/main/lib/Engine/Router.php:197
#1: Bitrix\Main\Engine\Router->getComponentControllerAndAction
	/var/www/lentacheb/data/www/lentacheb.devmill.ru/bitrix/modules/main/lib/Engine/Router.php:163
#2: Bitrix\Main\Engine\Router->getControllerAndAction
	/var/www/lentacheb/data/www/lentacheb.devmill.ru/bitrix/modules/main/lib/HttpApplication.php:103
#3: Bitrix\Main\HttpApplication->run
	/var/www/lentacheb/data/www/lentacheb.devmill.ru/bitrix/modules/main/services/ajax.php:42
#4: require(string)
	/var/www/lentacheb/data/www/lentacheb.devmill.ru/bitrix/services/main/ajax.php:2
----------

2026-07-29 16:05:23 - Host: lentacheb.devmill.ru - UNKNOWN - [Bitrix\Main\SystemException] 
Could not find ajax class /local/components/dtkm/simple.form (2210208)
/var/www/lentacheb/data/www/lentacheb.devmill.ru/bitrix/modules/main/lib/Engine/Router.php:257
#0: Bitrix\Main\Engine\Router->includeComponentAjaxClass
	/var/www/lentacheb/data/www/lentacheb.devmill.ru/bitrix/modules/main/lib/Engine/Router.php:197
#1: Bitrix\Main\Engine\Router->getComponentControllerAndAction
	/var/www/lentacheb/data/www/lentacheb.devmill.ru/bitrix/modules/main/lib/Engine/Router.php:163
#2: Bitrix\Main\Engine\Router->getControllerAndAction
	/var/www/lentacheb/data/www/lentacheb.devmill.ru/bitrix/modules/main/lib/HttpApplication.php:103
#3: Bitrix\Main\HttpApplication->run
	/var/www/lentacheb/data/www/lentacheb.devmill.ru/bitrix/modules/main/services/ajax.php:42
#4: require(string)
	/var/www/lentacheb/data/www/lentacheb.devmill.ru/bitrix/services/main/ajax.php:2
----------

2026-07-29 16:05:23 - Host: lentacheb.devmill.ru - UNKNOWN - [Bitrix\Main\SystemException] 
Could not find ajax class /local/components/dtkm/simple.form (2210208)
/var/www/lentacheb/data/www/lentacheb.devmill.ru/bitrix/modules/main/lib/Engine/Router.php:257
#0: Bitrix\Main\Engine\Router->includeComponentAjaxClass
	/var/www/lentacheb/data/www/lentacheb.devmill.ru/bitrix/modules/main/lib/Engine/Router.php:197
#1: Bitrix\Main\Engine\Router->getComponentControllerAndAction
	/var/www/lentacheb/data/www/lentacheb.devmill.ru/bitrix/modules/main/lib/Engine/Router.php:163
#2: Bitrix\Main\Engine\Router->getControllerAndAction
	/var/www/lentacheb/data/www/lentacheb.devmill.ru/bitrix/modules/main/lib/HttpApplication.php:103
#3: Bitrix\Main\HttpApplication->run
	/var/www/lentacheb/data/www/lentacheb.devmill.ru/bitrix/modules/main/services/ajax.php:42
#4: require(string)
	/var/www/lentacheb/data/www/lentacheb.devmill.ru/bitrix/services/main/ajax.php:2
----------

2026-07-29 16:05:24 - Host: lentacheb.devmill.ru - UNKNOWN - [Bitrix\Main\SystemException] 
Could not find ajax class /local/components/dtkm/simple.form (2210208)
/var/www/lentacheb/data/www/lentacheb.devmill.ru/bitrix/modules/main/lib/Engine/Router.php:257
#0: Bitrix\Main\Engine\Router->includeComponentAjaxClass
	/var/www/lentacheb/data/www/lentacheb.devmill.ru/bitrix/modules/main/lib/Engine/Router.php:197
#1: Bitrix\Main\Engine\Router->getComponentControllerAndAction
	/var/www/lentacheb/data/www/lentacheb.devmill.ru/bitrix/modules/main/lib/Engine/Router.php:163
#2: Bitrix\Main\Engine\Router->getControllerAndAction
	/var/www/lentacheb/data/www/lentacheb.devmill.ru/bitrix/modules/main/lib/HttpApplication.php:103
#3: Bitrix\Main\HttpApplication->run
	/var/www/lentacheb/data/www/lentacheb.devmill.ru/bitrix/modules/main/services/ajax.php:42
#4: require(string)
	/var/www/lentacheb/data/www/lentacheb.devmill.ru/bitrix/services/main/ajax.php:2
----------

2026-07-29 16:05:24 - Host: lentacheb.devmill.ru - UNKNOWN - [Bitrix\Main\SystemException] 
Could not find ajax class /local/components/dtkm/simple.form (2210208)
/var/www/lentacheb/data/www/lentacheb.devmill.ru/bitrix/modules/main/lib/Engine/Router.php:257
#0: Bitrix\Main\Engine\Router->includeComponentAjaxClass
	/var/www/lentacheb/data/www/lentacheb.devmill.ru/bitrix/modules/main/lib/Engine/Router.php:197
#1: Bitrix\Main\Engine\Router->getComponentControllerAndAction
	/var/www/lentacheb/data/www/lentacheb.devmill.ru/bitrix/modules/main/lib/Engine/Router.php:163
#2: Bitrix\Main\Engine\Router->getControllerAndAction
	/var/www/lentacheb/data/www/lentacheb.devmill.ru/bitrix/modules/main/lib/HttpApplication.php:103
#3: Bitrix\Main\HttpApplication->run
	/var/www/lentacheb/data/www/lentacheb.devmill.ru/bitrix/modules/main/services/ajax.php:42
#4: require(string)
	/var/www/lentacheb/data/www/lentacheb.devmill.ru/bitrix/services/main/ajax.php:2
----------

2026-07-29 16:05:31 - Host: lentacheb.devmill.ru - UNKNOWN - [Bitrix\Main\SystemException] 
Could not find ajax class /local/components/dtkm/simple.form (2210208)
/var/www/lentacheb/data/www/lentacheb.devmill.ru/bitrix/modules/main/lib/Engine/Router.php:257
#0: Bitrix\Main\Engine\Router->includeComponentAjaxClass
	/var/www/lentacheb/data/www/lentacheb.devmill.ru/bitrix/modules/main/lib/Engine/Router.php:197
#1: Bitrix\Main\Engine\Router->getComponentControllerAndAction
	/var/www/lentacheb/data/www/lentacheb.devmill.ru/bitrix/modules/main/lib/Engine/Router.php:163
#2: Bitrix\Main\Engine\Router->getControllerAndAction
	/var/www/lentacheb/data/www/lentacheb.devmill.ru/bitrix/modules/main/lib/HttpApplication.php:103
#3: Bitrix\Main\HttpApplication->run
	/var/www/lentacheb/data/www/lentacheb.devmill.ru/bitrix/modules/main/services/ajax.php:42
#4: require(string)
	/var/www/lentacheb/data/www/lentacheb.devmill.ru/bitrix/services/main/ajax.php:2
----------

2026-07-29 16:05:33 - Host: lentacheb.devmill.ru - UNKNOWN - [Bitrix\Main\SystemException] 
Could not find ajax class /local/components/dtkm/simple.form (2210208)
/var/www/lentacheb/data/www/lentacheb.devmill.ru/bitrix/modules/main/lib/Engine/Router.php:257
#0: Bitrix\Main\Engine\Router->includeComponentAjaxClass
	/var/www/lentacheb/data/www/lentacheb.devmill.ru/bitrix/modules/main/lib/Engine/Router.php:197
#1: Bitrix\Main\Engine\Router->getComponentControllerAndAction
	/var/www/lentacheb/data/www/lentacheb.devmill.ru/bitrix/modules/main/lib/Engine/Router.php:163
#2: Bitrix\Main\Engine\Router->getControllerAndAction
	/var/www/lentacheb/data/www/lentacheb.devmill.ru/bitrix/modules/main/lib/HttpApplication.php:103
#3: Bitrix\Main\HttpApplication->run
	/var/www/lentacheb/data/www/lentacheb.devmill.ru/bitrix/modules/main/services/ajax.php:42
#4: require(string)
	/var/www/lentacheb/data/www/lentacheb.devmill.ru/bitrix/services/main/ajax.php:2
----------

2026-07-29 16:06:43 - Host: lentacheb.devmill.ru - UNKNOWN - [Bitrix\Main\SystemException] 
Could not find ajax class /local/components/dtkm/simple.form (2210208)
/var/www/lentacheb/data/www/lentacheb.devmill.ru/bitrix/modules/main/lib/Engine/Router.php:257
#0: Bitrix\Main\Engine\Router->includeComponentAjaxClass
	/var/www/lentacheb/data/www/lentacheb.devmill.ru/bitrix/modules/main/lib/Engine/Router.php:197
#1: Bitrix\Main\Engine\Router->getComponentControllerAndAction
	/var/www/lentacheb/data/www/lentacheb.devmill.ru/bitrix/modules/main/lib/Engine/Router.php:163
#2: Bitrix\Main\Engine\Router->getControllerAndAction
	/var/www/lentacheb/data/www/lentacheb.devmill.ru/bitrix/modules/main/lib/HttpApplication.php:103
#3: Bitrix\Main\HttpApplication->run
	/var/www/lentacheb/data/www/lentacheb.devmill.ru/bitrix/modules/main/services/ajax.php:42
#4: require(string)
	/var/www/lentacheb/data/www/lentacheb.devmill.ru/bitrix/services/main/ajax.php:2
----------

2026-07-29 16:08:36 - Host: lentacheb.devmill.ru - UNKNOWN - [Bitrix\Main\SystemException] 
Could not find ajax class /local/components/dtkm/simple.form (2210208)
/var/www/lentacheb/data/www/lentacheb.devmill.ru/bitrix/modules/main/lib/Engine/Router.php:257
#0: Bitrix\Main\Engine\Router->includeComponentAjaxClass
	/var/www/lentacheb/data/www/lentacheb.devmill.ru/bitrix/modules/main/lib/Engine/Router.php:197
#1: Bitrix\Main\Engine\Router->getComponentControllerAndAction
	/var/www/lentacheb/data/www/lentacheb.devmill.ru/bitrix/modules/main/lib/Engine/Router.php:163
#2: Bitrix\Main\Engine\Router->getControllerAndAction
	/var/www/lentacheb/data/www/lentacheb.devmill.ru/bitrix/modules/main/lib/HttpApplication.php:103
#3: Bitrix\Main\HttpApplication->run
	/var/www/lentacheb/data/www/lentacheb.devmill.ru/bitrix/modules/main/services/ajax.php:42
#4: require(string)
	/var/www/lentacheb/data/www/lentacheb.devmill.ru/bitrix/services/main/ajax.php:2
----------

2026-07-29 16:08:39 - Host: lentacheb.devmill.ru - UNKNOWN - [Bitrix\Main\SystemException] 
Could not find ajax class /local/components/dtkm/simple.form (2210208)
/var/www/lentacheb/data/www/lentacheb.devmill.ru/bitrix/modules/main/lib/Engine/Router.php:257
#0: Bitrix\Main\Engine\Router->includeComponentAjaxClass
	/var/www/lentacheb/data/www/lentacheb.devmill.ru/bitrix/modules/main/lib/Engine/Router.php:197
#1: Bitrix\Main\Engine\Router->getComponentControllerAndAction
	/var/www/lentacheb/data/www/lentacheb.devmill.ru/bitrix/modules/main/lib/Engine/Router.php:163
#2: Bitrix\Main\Engine\Router->getControllerAndAction
	/var/www/lentacheb/data/www/lentacheb.devmill.ru/bitrix/modules/main/lib/HttpApplication.php:103
#3: Bitrix\Main\HttpApplication->run
	/var/www/lentacheb/data/www/lentacheb.devmill.ru/bitrix/modules/main/services/ajax.php:42
#4: require(string)
	/var/www/lentacheb/data/www/lentacheb.devmill.ru/bitrix/services/main/ajax.php:2
----------

2026-07-29 16:08:45 - Host: lentacheb.devmill.ru - UNKNOWN - [Bitrix\Main\SystemException] 
Could not find ajax class /local/components/dtkm/simple.form (2210208)
/var/www/lentacheb/data/www/lentacheb.devmill.ru/bitrix/modules/main/lib/Engine/Router.php:257
#0: Bitrix\Main\Engine\Router->includeComponentAjaxClass
	/var/www/lentacheb/data/www/lentacheb.devmill.ru/bitrix/modules/main/lib/Engine/Router.php:197
#1: Bitrix\Main\Engine\Router->getComponentControllerAndAction
	/var/www/lentacheb/data/www/lentacheb.devmill.ru/bitrix/modules/main/lib/Engine/Router.php:163
#2: Bitrix\Main\Engine\Router->getControllerAndAction
	/var/www/lentacheb/data/www/lentacheb.devmill.ru/bitrix/modules/main/lib/HttpApplication.php:103
#3: Bitrix\Main\HttpApplication->run
	/var/www/lentacheb/data/www/lentacheb.devmill.ru/bitrix/modules/main/services/ajax.php:42
#4: require(string)
	/var/www/lentacheb/data/www/lentacheb.devmill.ru/bitrix/services/main/ajax.php:2
----------

